lcd.c:15:6:LCD_WR_REG	16	static
lcd.c:20:6:LCD_WR_DATA	16	static
lcd.c:25:10:LCD_RD_DATA	16	static
lcd.c:32:6:lcd_AddressSet	24	static
lcd.c:47:6:lcd_SetCursor	16	static
lcd.c:57:6:lcd_DisplayOn	8	static
lcd.c:62:6:lcd_DisplayOff	8	static
lcd.c:67:10:lcd_ReadPoint	24	static
lcd.c:85:6:lcd_Clear	24	static
lcd.c:107:6:lcd_Fill	32	static
lcd.c:127:6:lcd_DrawPoint	16	static
lcd.c:142:6:lcd_DrawLine	64	static
lcd.c:191:6:lcd_DrawRectangle	32	static
lcd.c:199:6:lcd_ShowChar	40	static
lcd.c:251:10:mypow	24	static
lcd.c:259:6:lcd_ShowIntNum	48	static
lcd.c:281:6:lcd_ShowFloatNum	56	static
lcd.c:300:6:lcd_ShowPicture	40	static
lcd.c:318:6:lcd_SetDir	16	static
lcd.c:332:6:lcd_init	8	static
lcd.c:442:13:_draw_circle_8	24	static
lcd.c:461:6:lcd_DrawCircle	48	static
lcd.c:505:6:lcd_ShowStr	56	static
lcd.c:536:6:lcd_StrCenter	48	static
