main.c:134:5:main	16	static
main.c:215:6:SystemClock_Config	88	static
main.c:255:6:system_init	8	static
main.c:266:9:isButtonClear	8	static
main.c:275:9:isStartPressed	16	static
main.c:292:9:isUpButtonPressed	8	static
main.c:298:9:isDownButtonPressed	8	static
main.c:304:9:isLeftButtonPressed	8	static
main.c:312:9:isRightButtonPressed	8	static
main.c:320:8:calculateDistance	32	static
main.c:330:6:createFood	8	static
main.c:339:6:drawGameFrame	24	static
main.c:358:6:initNode	16	static
main.c:365:6:initializeGame	8	static
main.c:379:6:display	32	static
main.c:391:6:displayStartScreen	24	static
main.c:396:6:handleInput	8	static
main.c:424:6:updateSnakePosition	16	static
main.c:450:9:checkCollision	16	static
main.c:467:6:handleFoodConsumption	32	static
main.c:514:9:gameTick	8	static
main.c:528:6:play	8	static
main.c:570:6:Error_Handler	4	static,ignoring_inline_asm
